result code = -1
standard error = {
Tests/Diagnostics/call-argument-type.spire(9): error 30019: type mismatch 'B' and 'A'
}
standard output = {
}
